exports[`test renders correctly 1`] = `
<View
  style={
    Object {
      "alignItems": "center",
      "backgroundColor": "transparent",
      "flex": 1,
      "flexDirection": "row",
    }
  }>
  <View
    style={
      Object {
        "backgroundColor": "transparent",
        "flexDirection": "column",
      }
    }>
    <View
      style={
        Object {
          "backgroundColor": "#de0e1b",
          "height": 8,
          "width": 0,
        }
      } />
  </View>
  <View
    style={
      Object {
        "backgroundColor": "transparent",
        "flexDirection": "column",
      }
    }>
    <View
      style={
        Object {
          "backgroundColor": "#de0e1b",
          "height": 1,
          "width": 0,
        }
      } />
    <View
      style={
        Object {
          "backgroundColor": "transparent",
          "height": 6,
          "width": 0,
        }
      } />
    <View
      style={
        Object {
          "backgroundColor": "#de0e1b",
          "height": 1,
          "width": 0,
        }
      } />
  </View>
  <View
    style={
      Object {
        "backgroundColor": "transparent",
        "flexDirection": "column",
      }
    }>
    <View
      style={
        Object {
          "backgroundColor": "#de0e1b",
          "height": 8,
          "width": 0,
        }
      } />
  </View>
</View>
`;
